{"timestamp":"2025-07-17T08:11:25.622818","level":"info","event":"DAG bundles loaded: dags-folder","logger":"airflow.dag_processing.bundles.manager.DagBundlesManager"}
{"timestamp":"2025-07-17T08:11:25.623821","level":"info","event":"Filling up the DagBag from /opt/airflow/dags/dbt_orhestrator.py","logger":"airflow.models.dagbag.DagBag"}
{"timestamp":"2025-07-17T08:11:27.886805","level":"info","event":"Tmp dir root location: /tmp","logger":"airflow.task.hooks.airflow.providers.standard.hooks.subprocess.SubprocessHook"}
{"timestamp":"2025-07-17T08:11:27.888704","level":"info","event":"Running command: ['/usr/bin/bash', '-c', 'cd /opt/airflow/dbt_weatherstack && dbt run']","logger":"airflow.task.hooks.airflow.providers.standard.hooks.subprocess.SubprocessHook"}
{"timestamp":"2025-07-17T08:11:27.927619","level":"info","event":"Output:","logger":"airflow.task.hooks.airflow.providers.standard.hooks.subprocess.SubprocessHook"}
{"timestamp":"2025-07-17T08:11:33.058260","level":"info","event":"\u001b[0m08:11:33  Running with dbt=1.10.4","logger":"airflow.task.hooks.airflow.providers.standard.hooks.subprocess.SubprocessHook"}
{"timestamp":"2025-07-17T08:11:34.193253","level":"info","event":"\u001b[0m08:11:34  Registered adapter: postgres=1.9.0","logger":"airflow.task.hooks.airflow.providers.standard.hooks.subprocess.SubprocessHook"}
{"timestamp":"2025-07-17T08:11:35.908618","level":"info","event":"\u001b[0m08:11:35  Found 3 models, 1 source, 434 macros","logger":"airflow.task.hooks.airflow.providers.standard.hooks.subprocess.SubprocessHook"}
{"timestamp":"2025-07-17T08:11:35.920209","level":"info","event":"\u001b[0m08:11:35","logger":"airflow.task.hooks.airflow.providers.standard.hooks.subprocess.SubprocessHook"}
{"timestamp":"2025-07-17T08:11:35.921242","level":"info","event":"\u001b[0m08:11:35  Concurrency: 4 threads (target='dev')","logger":"airflow.task.hooks.airflow.providers.standard.hooks.subprocess.SubprocessHook"}
{"timestamp":"2025-07-17T08:11:35.923716","level":"info","event":"\u001b[0m08:11:35","logger":"airflow.task.hooks.airflow.providers.standard.hooks.subprocess.SubprocessHook"}
{"timestamp":"2025-07-17T08:11:36.302072","level":"info","event":"\u001b[0m08:11:36  1 of 3 START sql view model dev.stg_weather_data ............................... [RUN]","logger":"airflow.task.hooks.airflow.providers.standard.hooks.subprocess.SubprocessHook"}
{"timestamp":"2025-07-17T08:11:36.662658","level":"info","event":"\u001b[0m08:11:36  1 of 3 OK created sql view model dev.stg_weather_data .......................... [\u001b[32mCREATE VIEW\u001b[0m in 0.35s]","logger":"airflow.task.hooks.airflow.providers.standard.hooks.subprocess.SubprocessHook"}
{"timestamp":"2025-07-17T08:11:36.674745","level":"info","event":"\u001b[0m08:11:36  2 of 3 START sql view model dev.daily_average .................................. [RUN]","logger":"airflow.task.hooks.airflow.providers.standard.hooks.subprocess.SubprocessHook"}
{"timestamp":"2025-07-17T08:11:36.678471","level":"info","event":"\u001b[0m08:11:36  3 of 3 START sql view model dev.weather_report ................................. [RUN]","logger":"airflow.task.hooks.airflow.providers.standard.hooks.subprocess.SubprocessHook"}
{"timestamp":"2025-07-17T08:11:36.963862","level":"info","event":"\u001b[0m08:11:36  3 of 3 OK created sql view model dev.weather_report ............................ [\u001b[32mCREATE VIEW\u001b[0m in 0.26s]","logger":"airflow.task.hooks.airflow.providers.standard.hooks.subprocess.SubprocessHook"}
{"timestamp":"2025-07-17T08:11:36.970188","level":"info","event":"\u001b[0m08:11:36  2 of 3 OK created sql view model dev.daily_average ............................. [\u001b[32mCREATE VIEW\u001b[0m in 0.27s]","logger":"airflow.task.hooks.airflow.providers.standard.hooks.subprocess.SubprocessHook"}
{"timestamp":"2025-07-17T08:11:37.133581","level":"info","event":"\u001b[0m08:11:37","logger":"airflow.task.hooks.airflow.providers.standard.hooks.subprocess.SubprocessHook"}
{"timestamp":"2025-07-17T08:11:37.143718","level":"info","event":"\u001b[0m08:11:37  Finished running 3 view models in 0 hours 0 minutes and 1.20 seconds (1.20s).","logger":"airflow.task.hooks.airflow.providers.standard.hooks.subprocess.SubprocessHook"}
{"timestamp":"2025-07-17T08:11:37.380566","level":"info","event":"\u001b[0m08:11:37","logger":"airflow.task.hooks.airflow.providers.standard.hooks.subprocess.SubprocessHook"}
{"timestamp":"2025-07-17T08:11:37.385619","level":"info","event":"\u001b[0m08:11:37  \u001b[32mCompleted successfully\u001b[0m","logger":"airflow.task.hooks.airflow.providers.standard.hooks.subprocess.SubprocessHook"}
{"timestamp":"2025-07-17T08:11:37.387393","level":"info","event":"\u001b[0m08:11:37","logger":"airflow.task.hooks.airflow.providers.standard.hooks.subprocess.SubprocessHook"}
{"timestamp":"2025-07-17T08:11:37.391763","level":"info","event":"\u001b[0m08:11:37  Done. PASS=3 WARN=0 ERROR=0 SKIP=0 NO-OP=0 TOTAL=3","logger":"airflow.task.hooks.airflow.providers.standard.hooks.subprocess.SubprocessHook"}
{"timestamp":"2025-07-17T08:11:39.308240","level":"info","event":"Command exited with return code 0","logger":"airflow.task.hooks.airflow.providers.standard.hooks.subprocess.SubprocessHook"}
{"timestamp":"2025-07-17T08:11:39.309376","level":"info","event":"Pushing xcom","ti":"RuntimeTaskInstance(id=UUID('01981770-2212-7c6d-b446-1eb5398b2a0d'), task_id='dbt_run', dag_id='weather-dbt-orchestrator', run_id='scheduled__2025-07-17T08:10:55.854096+00:00', try_number=1, map_index=-1, hostname='c55f2e64afcc', context_carrier={}, task=<Task(BashOperator): dbt_run>, bundle_instance=LocalDagBundle(name=dags-folder), max_tries=0, start_date=datetime.datetime(2025, 7, 17, 8, 11, 23, 463875, tzinfo=datetime.timezone.utc), end_date=None, state=<TaskInstanceState.RUNNING: 'running'>, is_mapped=False, rendered_map_index=None, log_url='http://localhost:8080/dags/weather-dbt-orchestrator/runs/scheduled__2025-07-17T08%3A10%3A55.854096%2B00%3A00/tasks/dbt_run?try_number=1')","logger":"task"}
