{"timestamp":"2025-07-19T03:14:04.147798","level":"info","event":"DAG bundles loaded: dags-folder","logger":"airflow.dag_processing.bundles.manager.DagBundlesManager"}
{"timestamp":"2025-07-19T03:14:04.148476","level":"info","event":"Filling up the DagBag from /opt/airflow/dags/orchestrator.py","logger":"airflow.models.dagbag.DagBag"}
{"timestamp":"2025-07-19T03:14:04.174011Z","level":"info","event":"Fetching weather data from OpenWeatherMap API for Asian cities...","chan":"stdout","logger":"task"}
{"timestamp":"2025-07-19T03:14:04.174700Z","level":"info","event":"Fetching weather data for Manila,PH...","chan":"stdout","logger":"task"}
{"timestamp":"2025-07-19T03:14:04.385197Z","level":"info","event":"✓ Data received for Manila, PH","chan":"stdout","logger":"task"}
{"timestamp":"2025-07-19T03:14:04.385669Z","level":"info","event":"Fetching weather data for Tokyo,JP...","chan":"stdout","logger":"task"}
{"timestamp":"2025-07-19T03:14:04.540401Z","level":"info","event":"✓ Data received for Tokyo, JP","chan":"stdout","logger":"task"}
{"timestamp":"2025-07-19T03:14:04.541282Z","level":"info","event":"Fetching weather data for Seoul,KR...","chan":"stdout","logger":"task"}
{"timestamp":"2025-07-19T03:14:04.764198Z","level":"info","event":"✓ Data received for Seoul, KR","chan":"stdout","logger":"task"}
{"timestamp":"2025-07-19T03:14:04.764655Z","level":"info","event":"Fetching weather data for Bangkok,TH...","chan":"stdout","logger":"task"}
{"timestamp":"2025-07-19T03:14:04.973847Z","level":"info","event":"✓ Data received for Bangkok, TH","chan":"stdout","logger":"task"}
{"timestamp":"2025-07-19T03:14:04.974765Z","level":"info","event":"Fetching weather data for Singapore,SG...","chan":"stdout","logger":"task"}
{"timestamp":"2025-07-19T03:14:05.181228Z","level":"info","event":"✓ Data received for Singapore, SG","chan":"stdout","logger":"task"}
{"timestamp":"2025-07-19T03:14:05.181605Z","level":"info","event":"Fetching weather data for Kuala Lumpur,MY...","chan":"stdout","logger":"task"}
{"timestamp":"2025-07-19T03:14:05.399790Z","level":"info","event":"✓ Data received for Kuala Lumpur, MY","chan":"stdout","logger":"task"}
{"timestamp":"2025-07-19T03:14:05.400701Z","level":"info","event":"Fetching weather data for Jakarta,ID...","chan":"stdout","logger":"task"}
{"timestamp":"2025-07-19T03:14:05.615225Z","level":"info","event":"✓ Data received for Jakarta, ID","chan":"stdout","logger":"task"}
{"timestamp":"2025-07-19T03:14:05.615647Z","level":"info","event":"Fetching weather data for Mumbai,IN...","chan":"stdout","logger":"task"}
{"timestamp":"2025-07-19T03:14:05.829230Z","level":"info","event":"✓ Data received for Mumbai, IN","chan":"stdout","logger":"task"}
{"timestamp":"2025-07-19T03:14:05.829764Z","level":"info","event":"Fetching weather data for Beijing,CN...","chan":"stdout","logger":"task"}
{"timestamp":"2025-07-19T03:14:06.041239Z","level":"info","event":"✓ Data received for Beijing, CN","chan":"stdout","logger":"task"}
{"timestamp":"2025-07-19T03:14:06.041610Z","level":"info","event":"Fetching weather data for Taipei,TW...","chan":"stdout","logger":"task"}
{"timestamp":"2025-07-19T03:14:06.252310Z","level":"info","event":"✓ Data received for Taipei, TW","chan":"stdout","logger":"task"}
{"timestamp":"2025-07-19T03:14:06.253267Z","level":"info","event":"Fetching weather data for Ho Chi Minh City,VN...","chan":"stdout","logger":"task"}
{"timestamp":"2025-07-19T03:14:06.472233Z","level":"info","event":"✓ Data received for Ho Chi Minh City, VN","chan":"stdout","logger":"task"}
{"timestamp":"2025-07-19T03:14:06.472763Z","level":"info","event":"Fetching weather data for Dhaka,BD...","chan":"stdout","logger":"task"}
{"timestamp":"2025-07-19T03:14:06.626384Z","level":"info","event":"✓ Data received for Dhaka, BD","chan":"stdout","logger":"task"}
{"timestamp":"2025-07-19T03:14:06.627150Z","level":"info","event":"API response received successfully - 12 cities","chan":"stdout","logger":"task"}
{"timestamp":"2025-07-19T03:14:06.628232Z","level":"info","event":"","chan":"stdout","logger":"task"}
{"timestamp":"2025-07-19T03:14:06.628700Z","level":"info","event":"Fetched weather data for 12 Asian cities:","chan":"stdout","logger":"task"}
{"timestamp":"2025-07-19T03:14:06.629357Z","level":"info","event":"- Manila, PH: 27.56°C, light rain","chan":"stdout","logger":"task"}
{"timestamp":"2025-07-19T03:14:06.630157Z","level":"info","event":"- Tokyo, JP: 31.1°C, overcast clouds","chan":"stdout","logger":"task"}
{"timestamp":"2025-07-19T03:14:06.631194Z","level":"info","event":"- Seoul, KR: 24.85°C, light rain","chan":"stdout","logger":"task"}
{"timestamp":"2025-07-19T03:14:06.633157Z","level":"info","event":"- Bangkok, TH: 32.4°C, broken clouds","chan":"stdout","logger":"task"}
{"timestamp":"2025-07-19T03:14:06.633595Z","level":"info","event":"- Singapore, SG: 30.59°C, overcast clouds","chan":"stdout","logger":"task"}
{"timestamp":"2025-07-19T03:14:06.633934Z","level":"info","event":"- Kuala Lumpur, MY: 30.88°C, overcast clouds","chan":"stdout","logger":"task"}
{"timestamp":"2025-07-19T03:14:06.634398Z","level":"info","event":"- Jakarta, ID: 31.5°C, scattered clouds","chan":"stdout","logger":"task"}
{"timestamp":"2025-07-19T03:14:06.635309Z","level":"info","event":"- Mumbai, IN: 27.54°C, overcast clouds","chan":"stdout","logger":"task"}
{"timestamp":"2025-07-19T03:14:06.635973Z","level":"info","event":"- Beijing, CN: 31.6°C, overcast clouds","chan":"stdout","logger":"task"}
{"timestamp":"2025-07-19T03:14:06.637193Z","level":"info","event":"- Taipei, TW: 30.62°C, light rain","chan":"stdout","logger":"task"}
{"timestamp":"2025-07-19T03:14:06.638875Z","level":"info","event":"- Ho Chi Minh City, VN: 31.88°C, overcast clouds","chan":"stdout","logger":"task"}
{"timestamp":"2025-07-19T03:14:06.639358Z","level":"info","event":"- Dhaka, BD: 30.84°C, overcast clouds","chan":"stdout","logger":"task"}
{"timestamp":"2025-07-19T03:14:06.692166Z","level":"info","event":"Fetching weather data from OpenWeatherMap API for Asian cities...","chan":"stdout","logger":"task"}
{"timestamp":"2025-07-19T03:14:06.692498Z","level":"info","event":"Fetching weather data for Manila,PH...","chan":"stdout","logger":"task"}
{"timestamp":"2025-07-19T03:14:06.909255Z","level":"info","event":"✓ Data received for Manila, PH","chan":"stdout","logger":"task"}
{"timestamp":"2025-07-19T03:14:06.909585Z","level":"info","event":"Fetching weather data for Tokyo,JP...","chan":"stdout","logger":"task"}
{"timestamp":"2025-07-19T03:14:07.091268Z","level":"info","event":"✓ Data received for Tokyo, JP","chan":"stdout","logger":"task"}
{"timestamp":"2025-07-19T03:14:07.091622Z","level":"info","event":"Fetching weather data for Seoul,KR...","chan":"stdout","logger":"task"}
{"timestamp":"2025-07-19T03:14:07.305421Z","level":"info","event":"✓ Data received for Seoul, KR","chan":"stdout","logger":"task"}
{"timestamp":"2025-07-19T03:14:07.306019Z","level":"info","event":"Fetching weather data for Bangkok,TH...","chan":"stdout","logger":"task"}
{"timestamp":"2025-07-19T03:14:07.517222Z","level":"info","event":"✓ Data received for Bangkok, TH","chan":"stdout","logger":"task"}
{"timestamp":"2025-07-19T03:14:07.517736Z","level":"info","event":"Fetching weather data for Singapore,SG...","chan":"stdout","logger":"task"}
{"timestamp":"2025-07-19T03:14:07.738242Z","level":"info","event":"✓ Data received for Singapore, SG","chan":"stdout","logger":"task"}
{"timestamp":"2025-07-19T03:14:07.739205Z","level":"info","event":"Fetching weather data for Kuala Lumpur,MY...","chan":"stdout","logger":"task"}
{"timestamp":"2025-07-19T03:14:07.891675Z","level":"info","event":"✓ Data received for Kuala Lumpur, MY","chan":"stdout","logger":"task"}
{"timestamp":"2025-07-19T03:14:07.893056Z","level":"info","event":"Fetching weather data for Jakarta,ID...","chan":"stdout","logger":"task"}
{"timestamp":"2025-07-19T03:14:08.121289Z","level":"info","event":"✓ Data received for Jakarta, ID","chan":"stdout","logger":"task"}
{"timestamp":"2025-07-19T03:14:08.121694Z","level":"info","event":"Fetching weather data for Mumbai,IN...","chan":"stdout","logger":"task"}
{"timestamp":"2025-07-19T03:14:08.276239Z","level":"info","event":"✓ Data received for Mumbai, IN","chan":"stdout","logger":"task"}
{"timestamp":"2025-07-19T03:14:08.277581Z","level":"info","event":"Fetching weather data for Beijing,CN...","chan":"stdout","logger":"task"}
{"timestamp":"2025-07-19T03:14:08.435908Z","level":"info","event":"✓ Data received for Beijing, CN","chan":"stdout","logger":"task"}
{"timestamp":"2025-07-19T03:14:08.436616Z","level":"info","event":"Fetching weather data for Taipei,TW...","chan":"stdout","logger":"task"}
{"timestamp":"2025-07-19T03:14:08.650249Z","level":"info","event":"✓ Data received for Taipei, TW","chan":"stdout","logger":"task"}
{"timestamp":"2025-07-19T03:14:08.651366Z","level":"info","event":"Fetching weather data for Ho Chi Minh City,VN...","chan":"stdout","logger":"task"}
{"timestamp":"2025-07-19T03:14:08.866263Z","level":"info","event":"✓ Data received for Ho Chi Minh City, VN","chan":"stdout","logger":"task"}
{"timestamp":"2025-07-19T03:14:08.866734Z","level":"info","event":"Fetching weather data for Dhaka,BD...","chan":"stdout","logger":"task"}
{"timestamp":"2025-07-19T03:14:09.081170Z","level":"info","event":"✓ Data received for Dhaka, BD","chan":"stdout","logger":"task"}
{"timestamp":"2025-07-19T03:14:09.081937Z","level":"info","event":"API response received successfully - 12 cities","chan":"stdout","logger":"task"}
{"timestamp":"2025-07-19T03:14:09.083294Z","level":"info","event":"Connecting to the PostgreSQL database...","chan":"stdout","logger":"task"}
{"timestamp":"2025-07-19T03:14:09.105497Z","level":"info","event":"Creating table if not exists...","chan":"stdout","logger":"task"}
{"timestamp":"2025-07-19T03:14:09.128298Z","level":"info","event":"Table was created.","chan":"stdout","logger":"task"}
{"timestamp":"2025-07-19T03:14:09.129372Z","level":"info","event":"Inserting weather data into the database...","chan":"stdout","logger":"task"}
{"timestamp":"2025-07-19T03:14:09.130672Z","level":"info","event":"An error occurred during execution: list indices must be integers or slices, not str","chan":"stdout","logger":"task"}
{"timestamp":"2025-07-19T03:14:09.131721Z","level":"info","event":"Database connection closed.","chan":"stdout","logger":"task"}
{"timestamp":"2025-07-19T03:14:09.129006","level":"info","event":"Done. Returned value was: None","logger":"airflow.task.operators.airflow.providers.standard.operators.python.PythonOperator"}
