{"timestamp":"2025-07-17T08:15:56.450076","level":"info","event":"DAG bundles loaded: dags-folder","logger":"airflow.dag_processing.bundles.manager.DagBundlesManager"}
{"timestamp":"2025-07-17T08:15:56.450918","level":"info","event":"Filling up the DagBag from /opt/airflow/dags/dbt_orhestrator.py","logger":"airflow.models.dagbag.DagBag"}
{"timestamp":"2025-07-17T08:15:56.524833","level":"info","event":"Tmp dir root location: /tmp","logger":"airflow.task.hooks.airflow.providers.standard.hooks.subprocess.SubprocessHook"}
{"timestamp":"2025-07-17T08:15:56.525983","level":"info","event":"Running command: ['/usr/bin/bash', '-c', 'cd /opt/airflow/dbt_weatherstack && dbt run']","logger":"airflow.task.hooks.airflow.providers.standard.hooks.subprocess.SubprocessHook"}
{"timestamp":"2025-07-17T08:15:56.541711","level":"info","event":"Output:","logger":"airflow.task.hooks.airflow.providers.standard.hooks.subprocess.SubprocessHook"}
{"timestamp":"2025-07-17T08:16:01.095985","level":"info","event":"\u001b[0m08:16:01  Running with dbt=1.10.4","logger":"airflow.task.hooks.airflow.providers.standard.hooks.subprocess.SubprocessHook"}
{"timestamp":"2025-07-17T08:16:01.536222","level":"info","event":"\u001b[0m08:16:01  Registered adapter: postgres=1.9.0","logger":"airflow.task.hooks.airflow.providers.standard.hooks.subprocess.SubprocessHook"}
{"timestamp":"2025-07-17T08:16:02.261162","level":"info","event":"\u001b[0m08:16:02  Found 3 models, 1 source, 434 macros","logger":"airflow.task.hooks.airflow.providers.standard.hooks.subprocess.SubprocessHook"}
{"timestamp":"2025-07-17T08:16:02.269104","level":"info","event":"\u001b[0m08:16:02","logger":"airflow.task.hooks.airflow.providers.standard.hooks.subprocess.SubprocessHook"}
{"timestamp":"2025-07-17T08:16:02.270757","level":"info","event":"\u001b[0m08:16:02  Concurrency: 4 threads (target='dev')","logger":"airflow.task.hooks.airflow.providers.standard.hooks.subprocess.SubprocessHook"}
{"timestamp":"2025-07-17T08:16:02.273562","level":"info","event":"\u001b[0m08:16:02","logger":"airflow.task.hooks.airflow.providers.standard.hooks.subprocess.SubprocessHook"}
{"timestamp":"2025-07-17T08:16:02.581024","level":"info","event":"\u001b[0m08:16:02  1 of 3 START sql view model dev.stg_weather_data ............................... [RUN]","logger":"airflow.task.hooks.airflow.providers.standard.hooks.subprocess.SubprocessHook"}
{"timestamp":"2025-07-17T08:16:02.869587","level":"info","event":"\u001b[0m08:16:02  1 of 3 OK created sql view model dev.stg_weather_data .......................... [\u001b[32mCREATE VIEW\u001b[0m in 0.28s]","logger":"airflow.task.hooks.airflow.providers.standard.hooks.subprocess.SubprocessHook"}
{"timestamp":"2025-07-17T08:16:02.879730","level":"info","event":"\u001b[0m08:16:02  2 of 3 START sql view model dev.daily_average .................................. [RUN]","logger":"airflow.task.hooks.airflow.providers.standard.hooks.subprocess.SubprocessHook"}
{"timestamp":"2025-07-17T08:16:02.881912","level":"info","event":"\u001b[0m08:16:02  3 of 3 START sql view model dev.weather_report ................................. [RUN]","logger":"airflow.task.hooks.airflow.providers.standard.hooks.subprocess.SubprocessHook"}
{"timestamp":"2025-07-17T08:16:03.174767","level":"info","event":"\u001b[0m08:16:03  3 of 3 OK created sql view model dev.weather_report ............................ [\u001b[32mCREATE VIEW\u001b[0m in 0.27s]","logger":"airflow.task.hooks.airflow.providers.standard.hooks.subprocess.SubprocessHook"}
{"timestamp":"2025-07-17T08:16:03.213131","level":"info","event":"\u001b[0m08:16:03  2 of 3 OK created sql view model dev.daily_average ............................. [\u001b[32mCREATE VIEW\u001b[0m in 0.32s]","logger":"airflow.task.hooks.airflow.providers.standard.hooks.subprocess.SubprocessHook"}
{"timestamp":"2025-07-17T08:16:03.325437","level":"info","event":"\u001b[0m08:16:03","logger":"airflow.task.hooks.airflow.providers.standard.hooks.subprocess.SubprocessHook"}
{"timestamp":"2025-07-17T08:16:03.327738","level":"info","event":"\u001b[0m08:16:03  Finished running 3 view models in 0 hours 0 minutes and 1.05 seconds (1.05s).","logger":"airflow.task.hooks.airflow.providers.standard.hooks.subprocess.SubprocessHook"}
{"timestamp":"2025-07-17T08:16:03.508818","level":"info","event":"\u001b[0m08:16:03","logger":"airflow.task.hooks.airflow.providers.standard.hooks.subprocess.SubprocessHook"}
{"timestamp":"2025-07-17T08:16:03.515825","level":"info","event":"\u001b[0m08:16:03  \u001b[32mCompleted successfully\u001b[0m","logger":"airflow.task.hooks.airflow.providers.standard.hooks.subprocess.SubprocessHook"}
{"timestamp":"2025-07-17T08:16:03.519834","level":"info","event":"\u001b[0m08:16:03","logger":"airflow.task.hooks.airflow.providers.standard.hooks.subprocess.SubprocessHook"}
{"timestamp":"2025-07-17T08:16:03.525744","level":"info","event":"\u001b[0m08:16:03  Done. PASS=3 WARN=0 ERROR=0 SKIP=0 NO-OP=0 TOTAL=3","logger":"airflow.task.hooks.airflow.providers.standard.hooks.subprocess.SubprocessHook"}
{"timestamp":"2025-07-17T08:16:05.434577","level":"info","event":"Command exited with return code 0","logger":"airflow.task.hooks.airflow.providers.standard.hooks.subprocess.SubprocessHook"}
{"timestamp":"2025-07-17T08:16:05.435811","level":"info","event":"Pushing xcom","ti":"RuntimeTaskInstance(id=UUID('01981774-522f-7a16-a902-9dec4ea247f7'), task_id='dbt_run', dag_id='weather-dbt-orchestrator', run_id='scheduled__2025-07-17T08:15:55.854096+00:00', try_number=1, map_index=-1, hostname='c55f2e64afcc', context_carrier={}, task=<Task(BashOperator): dbt_run>, bundle_instance=LocalDagBundle(name=dags-folder), max_tries=0, start_date=datetime.datetime(2025, 7, 17, 8, 15, 56, 130150, tzinfo=datetime.timezone.utc), end_date=None, state=<TaskInstanceState.RUNNING: 'running'>, is_mapped=False, rendered_map_index=None, log_url='http://localhost:8080/dags/weather-dbt-orchestrator/runs/scheduled__2025-07-17T08%3A15%3A55.854096%2B00%3A00/tasks/dbt_run?try_number=1')","logger":"task"}
